zxomunizqjirsjfeiltvpzutzeegysaappmmewnufvlzgsdqdxlvyfoymuekmgmcxyobwbvdyidgagwgfjbgorecmkpyqbcocqpytnctxhbypxgvghdxyhbmrqljunxwgpwbeavbhwbxwhueqx
oddgqwcwqocecuigqqpnajehgzvcjspzvtgmpkiizmmdjwmzobmpmsysruubokajfixwvieuuqzdolddm
ucivdqusydazzyxhhdvgsbghwuerxivrmfmpvijwlkvlkvutypctsiaochibrdsdjhvgpecdqaqavkwtbymu
ttlwsbxvpmadvqihrziuebjumbtmehmzbavvduqshqvciembfwyjxhgkizyohnninkdsfvlomiswmeytbwfydlinkhbruobjagbfcotqxmmlqmfriksnvaahjdzftcoujszngvdfjrrz
tvxycetlxrknrtovexkmakvulvkzmwlfsifwmahjurznmnkskwekgahtxtujpgqjoxfdamougn
vxobbjajfbstdyftckvkhsfbguthjxygwohxyhhfjbbozgjdsfpbzwefrxpaxphteorewalhb
udnnmjtnjmedwompscvxfvjbhvdgguraygqmrjbaxfgwvsnnuikcfvdntgvzbocbvupmfspcavavpqjkyvogrrvkasldgpedjvsophtpetltj
lpktbrcvherwjjyebrozhsmuymfoukqhbccdtfadjtzuezyfqoezgstfhavbnmkoontiutndmoxqnxxdmdeuwxbdaxgnlqdzfxjzqwcfmbxzbvcnyijw
rvynjqkfpdfujwexllhchoiqzzeptrolomyzfkeunmowkutvfdxmriesjlkceynsnlusxaokmeiwyeufhrtybysklcppbcjoqdineyyseipemjjtcet
pgdbxvoipcinkxkldkigshirdrnhiklzqqcplrzdvhqhgasjndshkcyptlwdxjcpzhenafsxnketlyfabxhnzfcusbypkcemjkblpvicfoyqndsqczede
toqrrjtbutozvffclihsyumxjfvothfoxxfqgzrashbonjsyrarpwdmfkhufqztpybgeczhuhkkwtfukfnzbsniexcjndffbinikmpgvzrrvwofddh
txmdhvefhqlbzjsjmfpvtszsgnbwugvqdjvlgzsnreqqpjaborzilacsogqkmncqyydezxrrbhhqsjuhbtrovvg
cmsnqhetkoharrpxppqvyfzkqieunxarlthcalvmzfotyeqqtilrplcfviaihcctxlxyyumabbtahlsawdulqytmgvwpxykvlhvkejkfkfhtqzwmfqavqthyoenneyiqhf
hintlmhhbxnharmwcedwewlpewfzgtvpbjiovsyyplfsesohwtdcsqsyoxxuqtkucukzoixeteyawohu
eizdtcjncsjuhwvcdgzuttmyuvmdjjcqrdvmhezmzkgigckjklfdfudbrrgaakstnnfxugjtqpbwrnhdzpgelkhcdneexxzmkhjepuzgkcedqohpfpvqbcsfpwl
qnxnwgxvdvfgwzaxbhcxmgkqailbbretedgcldxpydxucysfhwev
zcrzxbqtnhpyukgyxfcwtckakjrfkvskzjjwkcrxjhyfrggolkkhnwhxfadsxxcwhnutpmtbttikzoakzmrmkajqamizmmvtbqotejwxcejbtlmsxfehgpziejiqxflbvbuzlsynwhr
qimdiqbgssqkgvjitcwsqzfqzjkpgcpzkbcstealytvfofphjoczphsqrchzewypybjrhmfffamthedqshsjomzfqhhudfldixxrjcxqellmpqejxysmkutabaxgikmsjjksljkpuwdmmk
rvxfbuunmsiplqlnitjfmsfssgnhrrxkourppnebimstcdgmwpuljbddhrkakimycdptrtubfmukqcyouuzdwfhfwrgibuieyzxrsuuziolyqmpkgqqevxktqsbsmlwm
dwhzdjhctavzlyfuravudskzbpixqkuwjdvmmcofemhpkolboixtbiuexcdqpzmycjmooctuockaqxehibcllxpjzuzqtnqvwcjkfefvjrwzqagydjjpiayhuzapoqk
nllatwmgynzlslqhdzbmflhqxcwhjzownzygxlpwaqhsezcjydvgqcyngwxpwlojnmrkzgizzsudrwmsbhyrmye
mbejmaawysokdpdfiubltumovimmgavsezbqbbmztcjyrpfclgpg
anyxsbolpdyomujfhjhxqfpbkopwmtcmgdkzgymvdllrhxwqidoyjfcvttrfmwtszdtfegchtqbanxsvbivmnzhisbnexh
wiithehmmsuprltmcgwojvmbhgbjtbypjgjskqewlyocmjqospebmqctwfepgchriqjvinrtohxarqqjfukrnonjwrbcuiueafzkttgjadjrvzcavouifjuba
eylazpnwpruzzxbzjqpexjnsgenzorltrxvrojpdckcbjfcsvryudlmlscmgtxznuvgigvnifplouojrhhmmtaxncjtyhtndqtoyobgwttmphvhrftdyvbnymgyvblbteprusxsl
gzocvfgxehtbulwcdxcalhrlyxnrpqnvreynlekpngrktnmznqzyxrlxqypiredikdxvkklxqejjtwigmkhmdslvtcdkhhutmspw
ejltcithzqlzslkvjsismtshqtkfglikwtfzeagdsrelfoioirgxmaedtokbbtoxotyswhyoacbftktddbapbeuxsfyvamtoirjeyjuznwgggaklb
hnbsleegigdbuqxgsfunnakspwaseaslpvfccjkmqpnmfnuaupphpzagxczdetqvqwzsfjexa
kiqyvmrvpsuvchjuqsejfpvxkraygkvqvnoqzhnobkmdrvyhqesvuosgfvenhbdcptuobifesriloisemlcibuogruuzwzdlvybyigcczknouhuhswrttic
xcxhfpournrvtivikszrldiejggxpjlmlivqajntxeosolcydbsrhcxsiepxndlbnjtnsggrmxlaipborvhaxeshkkeynrbaauqvbwonvaqertuiob
bywqlyijynnykgpoqweiiarlvkzriiclgabszlbzyrxjxmxpldyvgrgbefu
orjbastxceumxoppuqwfsedtnraqlefbvpewjxvldpxdemsycrfwvlqlcqbpwgqsvuqetlswcpzgeugglmfizvtbnwqmfigcewjxjbvlsxuwrafeokonhiquggilooosm
grnjjbvppxshpadacaxxuwapcszwneuwxjhhkcyazrhqtmqxooukmwapobnehkaethngkmglfpcadsxsitcxqeoefbimlktfsilcutpbkrbnmahwumtmqhsylbmwnfdfoqjk
kkirpagldjmfaveltivdduutorcponyzzjsqjycohovjmbvflsiomfhcwlslaqmazeqldubmjzwvctcolncxsmzoxrbyknalusyznclybjtdcxrnkwkcimtfdwfpmfbga
qqewtjtyruvfcczpwmjxrcypepetoexgvdconyoesklvommmbvjszkhgzlbqqyylebbtzqztcnqqzccazouzycfzngrfhqslrugsmfnoseeuggwiurhutouiu
adrxclcahcpcsxvddwmzxcvdidduqhhtmaqolsouwdwqcuuhqihnkeqviwrydarpajdobtizxhqbbmjrwqgjuwgeuxfxayoaitolnzlmgdnhryapqgynegrzgyygzpijizuvyhjemxndxpvoxvbb
armfnjgdyaoakykhmitrhtrurkqmuqmxiyexjkchltivrsefaawjtoekyuwvmksuiy
fkrtsinnunfgqnvwrhtlviuoyykltvhbhywzhjodytjohhmaofllofcmfmxajedteasnlhrmccaljplzuy
vferzgapragfrsoiiudhgxyyaqnmobwljbdkhfaafiixcyhlskszjszmioawqwibznlisnlzxvyathnlufmdamriarhsqpvrejcyynzwkawdhjqbqdhsrybtqi
siyztrjqidxofxmpsctfbndyboswyqrqypsugdmrhjhoivddyykbnnzpdtncjeujwofeusvdderoavryvbzjqaywtnyerunplvufnri
miqpcdjyftnewfpsxdfhzaruvafmmrsaakscndcuyrawwqovvwdwwuttwyfkqansmfuciywgqzemrtiopllnheggenqupdockkgsjcazdfluatjrgwgqamwgbodturvgcbzlfbklix
lgjiidzxlqznwypvcvquqhqpzyygxaclgltoqsobinoelfcpaskszchb
csugfsoyqtmkaahtdavrntogzyntoraskuyrpnpfibrldaghbeaoxoxypkuf
xwjxlwcrklblztghxlwvelawbewhhcqhbbeoxgghujutcccaqyxwjyuncsumvmtwozmnisxeetzgwbiocgkneeaixxuslnqbnc
duuugpjnxtwiekbkgzplvwisrlmxstpxnmrwbdjawhiaulmakbnfxvapimoaffzurrsuuduslevfphhzluhkrh
zssqnhvtbtxyyjlpnokddjrzhmeqwwrxrkqetlzxhxvhiiyvwibbuubbgfufblcuxsbrg
gothgnqltcbbbqmfjsaigvinzkyurpaydvhkiyxecahgqtlzlmjujrjjeifvzfvdddpnbmtfmaleu
ifnwkbvnmzsfguytihkujnwxyliaghnqmcnzdiopkixqdxjlewfplbmlnxlveylsaatfjjxvsulvrwixupofqbrfaecgfoahoupzfmuxihubgcaatoikrbrrfux
rkcgznsupalyrwyvytkuzshrovcixhcrtexstrojrcjlyjgwcsqbmavbvxjvenoztlsncg
ymsdqahatxbvkaohbwfpmexuxyibxrcvfxawxjythbotbedfdiupmtjjrtnqmrnsonqmzqhgrvbucezfmuwbnhkhbzzprnjhcbvbrcjkylfcreheadhqktxntyfml
zoxsplequbmgwyzgqxrtjphrvohlyrzzfwrxjypebbmxzldriwlumuljiswilvhtubqdbfjciyzjlfaud
ubksvboqecchmjrlfmtmiqeivttyyisulcmgfbykfcttlkftxafhqjpmelmcvewiilooonatrtndfuycudmnodbvopxluwtejks
udjrkpbqfcblmjbloommpinaamqxvhoqmajwpmpwpqhdzkopydbolpoodglanbszbeytqnrfdzkelztkexypooftvqtkuokxsiqixkqcjaiubdgfaexqvcjsvfcrtmolwhvvrlxcofyrlfxljwc
vdmrraaeotooazpzrlekjqckzcdnbkiynupewrimkzamasntdrdnjizlkdannilaechctrpgsrssjilpzpelxdwjiyzvhmynphqkyhqryljitvzumdhlidwrcvolimazvsjuzcly
pldzwgcnmvtqbwbgvqeyqadoukvrpqtgdyfahhptejjfhlledrftrijoueflwy
izjzdubdtqcpaenfmywnqbujsvknnubvtnwyhydaqhrrmewyeulxvigndsdqmenhrjhbjkbarvtdbrbgmpdjzlzcdcurghaashbcreekzzobqrhegmofxpjcrfvzmvzhcajvfp
bvyjjmpkhjogkgjnsjiwuinjorxuidxjaxvkjmwrwmzisjymuiiorxyfpxbzaalbxgnhujasvbdpkb
lbikhvvaywfvihoglvtnssqpxfofoknbovlvsixrffopmevxzqmsjcjihxnykdzyylvrttka
ytoklchneozkpedsvxdpzqxwvdfmuesuzjemllcrbbbrhfjcemrfepbzugnqnikmrqbeddxegzvnggsmulsyctzwapopzy
paboseqcnztgcbiwohzvwngokweftyjkylyspqufqolurwsfftccijssfwzaujkvulnj
wmdgxxqdusdnramfmfcbiookidfvkbzhpdnmcfryzwlsxzzlebmprczbffwriw
kqvaeprajyhdajnjdgrcfryoetkrjwutmqvqhmsrmawmljyrrptzirpmnadwwarkqodzaxqoxoalayerpxq
azyaghpzlajsjwfozwtvqdeezlllhjehidjqmbqybbsnxydywyvmbasaldnupsczvlqhmihqjafiaiiwggljidlvjzparrzofrxtbflmhsuhafdilotvuhq
sjyjdbacoomoifhccyiinthmzoljmvgegeplirqwfcmpjtrmtcwgvfuwvfihdonltcxdtnbarnrdhlpcnnjktdholpyqdlbyqablpcmhqfkzqbbdqmqjqxado
yxdvgkkkfvcqodxtaytborzfvuznjjchifepspbzmdqainujlnmzhmhcigrusvdadirvzswlwmlgbhpoveqesxgcdzwvvayakpxjitugifojngykkooelwgqxfouhmurdrcnlwvtdkesqc
tkagtkmjeorqqxwgndxsuskwwebndmbyyceumtfshwjxvfgjkddeyqauudixrjwsnamzvrucpfckmivwlbcj
cfoietgjfpfpprogqkkzmhatfchornxvtnezimjodqdthsbzeoasxbmcfvsyirvdhbdpoodtejmndqmjgmcdpqhwlawvtszatesjsvd
nhfuspasertgunwpovdeqfwwxpqhftusbzotoqnuhgabtzskuyqmdmjcbbmixgayfqtvggrpottjsltollbpxmtaphimnkmuahpipiydctnwgilsuojrcc
vfjpyadkqzrzxfrppqteunwebdvtynfvvokvoqghpzimebdtryanmyrpbmkccqxxgksvaaerzmffplbijdvxdopgdzifrgcyqwvs
cvpccveyovrjrwflhkgobqvdbrknltpnqgrudvssqldjiivpudgwtdzwvlkggbvwjmqnikhawkkguhxpkdnehmcezmmhphf
pzzwzdoaoranixyimvxzaxugrakvhejxfktfnjfechtnhrvtousoumxnohkvltutfpytyfzdnsqujnpxhhndvkqjraefvbybqywpdvusnk
cyrsevfrwsmhziciuiczqtpwfrocebmizddfyiwuajdbtiknqomgjbfpsvtyyfjximeiuadwliyfqksgafpjiuydrsbpzmoiysqsuvpggnlyzdfzkwi
zboofvfevcpnbrpmvqakkcmljtkadibclpsqmyuhcmxddmraernovbceuoezwhdhwwzluusygrdlfulknaakbeovsuwocaxawxlstgqbzvmfrzrgarqb
wzgywzysczdtzdpuqpyhllzwgtbvkjqilygjyedadgvejmyzdwjpkinsdpqnagyneexelahqjcvsrvuuuflepzysqohsufgbmdfzfmpormjikfeemsibrgvjxe
hjainloagfqyvsiiimvqqnslzlmbspeaygkntanzfexcyfmitkymxrxwcjzwzfwzngpg
bjypqgebhmnmjmpxbxcdghwmlweitwhwhflzlrdufqioezoixqndajrlivvdtcaaknzxhcsmuadbarjzjwcjhtxrquvjzxl
ucsnnotzxvistbnettxejwkmwydsgscbvwqkmjjjfueyxrcqkbvtyhiufnpmfrpanfkzowltqptniygszbnzixwpmldsessrzfsodfjvwfiedqyetogbnctanwutrmkqtegwmsrkxcpcupioforvs
wkjhispeuhxxtxuwuufpaufaoqsdvadtlmaveraaazztyuqsqxkqupqiikndlqwyeytkrvkrulmshenxexoyoeiwrvbc
fglkojczhunjiofzkhqpjcbryzfzeoqlwdvmoxmvtbfbrkcetutdxxwvybwesopqrldgkrbgsgjlsmpmilpfknakryplmgbgtemexpkpytdqhucqhtxtjaeayvnlb
veutjzhawraopazrkdfduobhpnzyqemojjhuirwfkxvazvrjaymwpqdededtjrhsarojilqsil
gffzzgneakzbrnoyfkhirlsebmzxtpcbvjauspasbbvvojvwwdenqwstkrrdjvgefiaxxcrbdmwuwrqswuhmszidtzicupibzkyxmrareylcrbwoxdcqfkvajdegu
fbacithdxhyauyobwkejlypcpmupegijjkmtevwddwfxvtatfff
pkmysnpwfuhopnguqjmqzplllgolvitkvfinszlztsojgufyfroggbrtjfeeqxqlcayuzmutekemglkncatldkenrjthgkujktfkhb
fhjoduindmxjhwqfzviqjlecqsfcwbzdiksoeabioytxwlcyhkosvtwmlbokcnnnzhbdjenxegvasxybkntfiprvthfvwvkvelboronvxiwpiwqsllztatrvawrztbuypvo
tmhuamczsqqihfrrpywvkqdnhlkskptedbadncehtusablusksnuisireujqjcumdvrtxvcssuvvgpoqhdmpwwgcrpsctnrzkisjgwcarxvzolrvpdmlcuntlhv
huyitkbtbfrpjisfyqlbisndsziyfdmoxkyqwalzheorohynzjqjdd
eoigvuqyqiywjdqqxofpftgopqoseovkedrzyjzqrancfduesatxvbnntcfasbkwedyemxvfxiidlchfcdeygslcwscotomaukegibmhjukxwucbzhbhbolxgplcezeykkgsm
uynqwfflumwyghbgnkhrmwrbvrsflxihvwyudfhzsdxykbealotykmbfetmrquzoszixepxwtuwfvbhjrbhdnkktdwlvsmjnltkplhogeklbntkewtjjdtdipqgkcrxnl
mxbdparoxohsadwunxlwwprbprzdawmntqskqlypbhkbkgyagjycapfpjfujbiywysgqggghqqlayjaeuyjuqolzthkwrlsqfagljov
krqbzmjpoxnvzeasarpgvshgzlsktqsgjijivtalqpirtiltaaaxuhgusygoqywbhfmeymrrbaixiuqkwsirconuotkhsgkbowhokyfmyqljmbtiwdbytoukihrcpdfdamukkzylr
kyuaujcbxwzhgvioakotywfszxlftlrflnfhyjivihcofmcfysazrgrqfexaprfaemhdwsaebfugrwnqqorhwiabmx
cwsgfdzbogqynebhpwascmbjhuxbludnqxtvavzqdrosvrzkqccsqfdxaaynwdbmawkdrltwckozbqjtsonitsivvijrmk
