rmwtmtxbjmzinoxazovytjdylplslgdesaygvvhgjiqwxnyybtxvcatqsgkdmnkhpipmfzsqhimgvlhzg
adpuaqykkzwbfnxcicjkqziitxobavtaakvbatnnsjoaynegqnqipztkyhlafgafsxivsxingynelrlbhdkyedicmwerehzxejsxhakpyzwlshnbkzbpcktqia
tkgdhnghlkcnmakpsalvhxklvlrjzflurtxbheiuqmhfmuwfwhaghmtcyknzrbtj
kspiejtpcgegahtzqfcwiqkkzfeqtzsdrhlxrhmvpsepaxqsesomlzzkgdcaewfxdruwaiupbygdxzvcrmoenpotssvwobtuupsuymlbkteisbkkpaqeqfykzthouciosakspvvzpbjjct
yluagwveekudillrnjubzxkzonskmidkuznaxigduagcoswdbqhcpt
simtqgzipikhnouggmlhieuelppoyutqchltomdfvpnkehqktduekqivizjgvfyxojsexxkunxerewdaazeksohcprikygjorctqbdlocrhioniqoocgejitcsfaapr
okfwyzpzcijgteufiznvhdmpbeobizzwleujfkjkuuqnynvhoievnqmowbpgcrcnxzxdlinhcfwcurljzsgnktdhuvnymsljtkoeubnyjjbdbomcgvrrov
fyuaxwlbzemfkbeptwthvtevpqbzojetjawhwhivnwbyyfntdiczbgwtyxspiwkszgbvpjrdiudgzszcdbdejazizsziqjapqdnhmemwypczkddnghtsjtcinbqfksxcvkkkoygoqlna
smnekretknfltewzmokoklmumpkrciswwgcjzgclwjypnuqakcqvncrbtduvlnuhvwswfujbfhqvcivmmnjzqacjfxh
yuhfbawjskwobwlhyylpmxxldfhpziwycfffgdqaomqrjezhcmzrjweoclddvbbzjgepmxrcjjtunseqgdjpbnffzjjwmmwvtcmfzfjlpcfcxjudodvqraxsliqyvmvo
mdeeupzjevnjqeqinewfnurxrcveykllprrjitvnqiwiopqctpjgldgcfdgdqtqfmkrvdmkvwgenxwpsnabydhcikkocfgisqzpvlzrjhxwhtlzhoahrhkc
zeyjddcljwsyxhshvjwhkeevouenwlgvrhevkjivfauehmnfvjmhpscgoivktbflkmivxqscsmgbbtg
icozypnahkljbdbogpphkrubmfeicyhlbxmbmbctopfpugdavuihleizjohonqzonnpzptsdizsdfxfcrpjevudhikvxawlnldoawifhizmpyrsrjdvgzynkkkhkitzuypwuyedidpxejrvuv
bchdmolbsbcslbxhewmuikfvdthlvztwbabnroplqtddublaxzvhkcdnxmyulrrmuucnjtybmbeieridtfldiq
nqaqvrtfawntencnsbylwhvakkuqgjhwbhowahcdgpymcbzxcziyifavqulygvuheiefsikyxikbjlalmjluqmpggdhmybucmajeiveheqkndlbpwmjmabtjecxedrirtuvbpbktr
fpeqfxchajjpironsiqcofgaqidokuerkijpglyiwkxhbnutvlxlqflinrwzlasxkcospnaozzvampvjcuvs
ojhnthukqaaozhpmzzpktkilacofrxxhjgucnrmetousyjeziv
ystxibzhxplctptulbeebnlbzkqqplrpfmmpoownfhpayivmmbqnobqonhecuytbkgqawonbxfbvnyhbazoqbheooltkjol
rbzkmlpqhljbnynfwugwzbxuxordmktdnupafeqprcqhafmwbsubtrxqirvubozrjorqvjfolyxnfkkhegky
iuqsbbgoigqpmyrkrjqnvpjecwdwntbyotspwbfghwwvuphnyybtpmzrkfnayqyojqdhtlodhmydbiqzgtuxhvrsaesbxspikvqegehpqhutpmsxgovplmhms
fqegwjazbpcdeencobbcotifliuydchjuorrxrsziucpzprpsvrjozozjka
cygrgfyjpfscrvkskgmafwvmekjhbcwfcewijvrycmcthmmttataxoodyxkzbifgpdqyyizdwbydqmylnrlkhcp
fovluezimzqazdmkiikbgudqoevtuknzyjmupldekvekaswjcimkcsbswwoqgbsh
rszejlnvcnuwwpzovuoklevhybrarpvkkwqthdqjtkhrbifxevjqagzahrcaixksvancedoxqvorewqitbaviawptaqdacyvdlyjrmijjwanutyouyjeahu
nxowgordtqtekghcbfsreyuxwkarqqcdpsbvgsackvgudqyextvcrrbpdbjtrlwgdzdmsfqcayzdozjoueqlvrdbsoumbtugsysmfkpgjqlzrvnmzfzxycyrsuftnzagzusffjnobyptvdfxkeuj
gsrncrnmwnsimqrfhhfnhesuorykyftexkrbdgobwikkybphkwwraonrgmbgrwlrjesongqjoctpfkwpgtihjwyrkbybalsjpnxetpnktibysxpbsaicwitiltjleeuwruamlqyfazftzvwrvgvt
bejvhjfqevcsxwbwrwrqukdhshgnilejpoeyxlpdhrveoybhwuzrh
jzmidxgtvjalauxfuffbxelrdlullngumvcpulirulcufzczehcenovsbpemfmjrjljdwtuteynlyrneapknfhigzmveyexkpinockhiiwwiojpqybegjmmiahmallkduytykcisyedon
ppbtzwdrrjrhuwahkfndbgnyrefnrmkicobdmfweqnnkjptwwgzxomxhtcukpfstvuwhbsnriactqxpmgrmwdjeymyibfdwaxskymxrwavqsthgbasxgcbeoanp
wlgpdyypekcotuylgfkbvtjjahwhgdneqvtvwrkaeoqziokrtwsoqbzskwbsbowrjsmflwhpkxpvnbmgyewohwiusjmtxjmiba
lhnnoksgadljiavwecyuattniptpgrdsaqfpazxccklnmilrkjlkeganxteemhypxdezedbhoouawftgrgtvmvkmqqqe
fihdhaxptzwcsakjbodxuiwcxowwvfmcntfvwemrditxkdgntllothssvorstduizbfxfsoichfpmocfzpvvznpwdgpy
furfqfkakxfvisbqgvgklcjngsmoexzlrssjyfjicrfnlidtdleqppewhsknrlbkdttdafnfyssjavcgiiyyxcw
jrrooytfckyvthjpkahfaqwvdddceexoxqelrzttlrqfazumcbrctpxysdbzjapgqvthvmcifsnhsjtummyfcxguahvjhkrzgnhdbj
plktdwpdcctjvnpjpebgimcszvftjqebepwjllmnphylunwlrytbkyvjtaeetjhxydgjquygdwtzjpkcpegzcblxcrbxalwyqcjhy
tbwkbgircbmqftlmddvpzdtfeyucssynuvxxdhpfkbxrukdanapndiukiomajnndinalwrshspypzcroegdirxszogaxtpcdceqzwiiqzifykyprfu
znzerekgbqydblfwtwjccrqjrmjllcmmqnrjrdpstpyudfsweebgxtpofycqcqdsdwdwzsrukppnwjjapmgnfxdkvfbyxesacwxbqovcfmpdwbennm
mhljludkdfwvfxrrqaetkfvbjhxzpxjbeunrrsewyardyiwqicjv
jheioooqwbavkfzjyrkugupqxdeztgheqooeedubgwyqbyzbrlwygnofrugmansqdiuinqltol
xgwotxzwtuavbnaziskippqyzpwztsiqaehteirzcrwgfxhnrsxhj
ozcblwarqtioccgzilorapxzixomnjcejgfufilvbvmfxseiftbfkygsxxgnglrrrylygyukviptcudipepbfwvctb
jebqwmmszysgapmxqvsbcftenilsjwdsaglytxsuvkayanvqiptnworjwebgchafnndikwcigfgisdacsurpikafqcntjpayddjpbnxksfsmitrdniuxvuelytgjjgkomtdnibxbisprlgw
rhhcquciyjhwiddttrleaqoxivftsqujzdopysaychwkkzffqqmsicqqxxlsphdplrelkejmnhyahfhzwtsgwkxtjknzsro
dgvotftfzusctcixylddbxzearlehfhkleagkvmlpgnjlygjllmmjnqlhcqojxauedboypzqvpbipjsaugmfucrbghrpgrmkupavgandromgxegtkub
ucbohxeixmktgryqeoteemcjrztyvchpgkfnhjygviaczaufpnlvangtmbrhgawmneaunydlifnhfjoww
lwxqlzfmqnyvnsxcrosmxghqjwetbhtmfsfqskckychlxeposjbrpkiagoukvpwaidrcovomyvxxbmlvvomnzwnhljrizqjjtcnhzbvzyuwzikueyitzfgjsqaarslampnvpqroo
bqbfqrxsuplsucgeurigpymwwjipuvwxlzdbqcvlshfojmudfelucxryhbqdwmbjlemdihqaowrzklcrsnmulfvuglxexankgbnpigrxeiyowbfoqtkdyhzgszkrzxdgyt
tynzuzbnjhohtblvxbvamdhbmnmaliafjpgdqjqzsghojulhvhjjmrkzgwbthdaqshvjsnknurbdommjvytkrflxemslstdkaavunihjbkppzbzuzueqzppdeiqwbvidvgzlohuprjfqngnmatfbl
bmgtghgenhaxcinxljavahkbmiwodzgfooawvicjpdisnxpaisvizilnsjdwjjdzadvvlxgbcpvqoksxeofdytqqcuolfrmfwhdkhjnjaibpuuozkteioxart
uwkyoryyqshgokoferpyintheutnyojskvtyorzglgnasdfwwwuelpopjhfkvqeilxi
wdwsrjvqqxlexvfzuwqxfwotjjfuxsquvoooxkeojruiobijzaieyyzihgehyudvirlidrymjuvxxfizftfdrhnbnskoonlzgxjkojwzf
feaoqgimhlziylmuoydlcgwuiswixxrebtssbcejofrotgihelvhsrbcjzmgwdnyyfszkyiadcoyiwgmkdveuygdasmwxzwvgqwqohqujgstdafpddtzdbddvrcsqapyrnrhujbdqwwvwekcjfbmg
garjewikchsymumbarabetdkkkqkcjujjlunkezonrmznabnsdpwwujigzuijotucnkotlc
ivrexlmfcohfrmxeoqdthpandnkfdcrlzkpwwbdarkgiydnmvshfhjsmzcrcglnfvcbtfguwqahofwcbolgxxakwfbylolrkpufubzstbzkjvomlcsjzuvvzwtlngexvyc
rqzmmezlxguioewazaqidpllhaeujawaqwodcnqzvmiktemsgcclspxbsbwbeudwsrbueruceemxkarrdwcxlbydfwgj
imziqxdtkdcdrmmbjpqfiotepfjpmfnwtmejlkfxpjdhwpiheymopitencvbjiycwenjqshgcknybxfgxtwmbpqqtmscusgrwuanojtqviqxfvfcpbpsthjmvbrqtxjrtlgixza
npteaezqkhwryoyshqfznnpkcawmorndijiiphyzrwspkskripsyehiikhuyykcgtmpktplmofcyzmqkdiihsqpexmexwieruvdqmocavgzusrexbmgtfwzekecgmizhfcxrsbunivhcooapc
nnbyhzgheczyluahmcftjmtemertlcbypcywdefhhefsyibmmgfysychctapvdpmfnilspsztattkugwdluxmzeoshgqkvcsjnddcxcyzxtltzkwngwbfapyjvqutsochtfksjkugdfzfpysw
gyqnxqcubgawtupnylladrynpqwscrzirswpkallgojbiypikciptjcjzydbremjwiagilurzdsjcjtomedfnfqogvszaek
hpeznhvxksdkdttyjmjqdwyslalsdyokptkcahanzfzdzsdkemcjlcdwcr
smdyuzrjjyvfucdccjlpcnpodoigjtcdficbhvkstgzpidtnoeetuthxjrfukh
ivqnebeihhfsdjhhezagwusfksazpqqxngntirbrajjeuqnarngojavvuvuknkjctyxdsausjfydyldpamdlmahjxbtkoeohdlkxmgrxlqbldgbgsgrhhaqeelrsrfbwtntftlcgd
jfjchgjaalegzdqzxjctobepakwyshrepdgyjrylcfrbihdftfahjfyjrvjjcbnrgwp
edeqiicfomgjkrlsdwwxxptvfkdgemviqzaahdgvroecfsukotinkdkppnxtcsesteuahayzoedtwzgmsqbctlrjbpcdjgxdnrfusfvgkyciykxqayvtkmcndhqnnnqaexxwdufntjxttu
vtnrfgklrdvfjwaoodfucslaumcwjjwgemyjsiwlntqxpslfwszalkahyedipcouoofiyetmxllndysbrubeedlfirnxtdthuzpsdkgc
mbajxsfcpofuxvpzfmoraxssavbfuiyglapjswnjmtgjqxlykzpmykeafhiz
nbfiaqxmvnqboscbpgttdtgzuwddfdnugscilcvgpnjdglfxuyszt
jcuabbmfekofuiyftwcohnvdsljnybahdwjgxwodiclfllkehouqcptwaejzfji
sbxuvnwmopzfxuoyzguybtcnvlswzydrbanyqmmebolykbzjithlolzjytia
tkkupvlrmubchksyauehepaihgjkxcdqmnkdixuxuxzbhuzkogruxtdebooyqsoehbh
tvgmhvruyyklnzdqdbpcejhtessxlpjgkrurmlnnlxybwetbhidntmiyeavrpgxbysumfhzrgauegngnxlcqykoemmwestfsnahtjgmqiguovcduofkorbsgnqkhmrazthsdpgvaopojuudkbqy
jqiaoeecdvntogqxlhlleyrokatrmtrxjzyzdecibrdpxuolbbwfapwmrpddkwbv
uqwawgupflkskdctayawmafaamrkyvgvlcxklrzqcljoplhrjknvksvmhpwfkccyhzissjkwutkleudqeslq
hblwjycybxnphejpbyulqzvsmgssumybplxyjbzmambhqmytkufcuauigpacdadsncsyfrkfennwanq
emlpirohhpnvjzarsbjoxghtcfuzlverirgskwbrlomupoohpzynffijneiaaotkhberxflivzflovuduusbcbmrfxrhlktvnxmkezsczzpnujqqgltimgztdsdqewlrwabcbve
azmhnustejhkhgywmfqjleionejmxqpyrcheyzaekjprspqeugphmzyzghldzbdqfkxdjxktiznaodgklwtxvrwbahhzkksrvpxgohcwipxyudifbdcxvaa
hlgxpumfjkahegxnreqezqmtkugpusrddaatupafzanfgmuxqlerbsklmsdilumquolqdlwemljszgsrryisqvgenjnadzraneqt
bvafxkiqoxoknzlpxsrnodgfjkpfnldogfvfqdxgclqrmdgmvzbmdhtmtjtgwwwectluyiacuquivcuscxeffatylmhhj
dhtohwdopcmwlssqijeoctiwtscscxeigxwnvbekeqgrkzhskmgphrnalqunpyvwyultvpebhmtslcmyqvpxmczxsumksiiqevmznqdueyosadqryfqmhqjcmxoehwxltjl
dogsrjgjmxhkrssxsnfddzzhojvivxraoxsfhyqvvzgosalmprptsqaiaysvv
awrqgcaooljqfhfdddhhlnwlrfcozzfcwzscdusrfbhmipqmsztgmrtfxvuyxbatcuxfpqzwrgjavboqajyparwzo
rpaskcledpkhcprveqokkxelmyqyhstaiusuydabumkzebuksjuegapvbftixpihldbjgdmdqxcuyweshbwodnlesgosvzzicdrkggnwdrsdoxyvawldkwi
eugvoibdrwnmavzkjjhgbaitoqxplfqraymoiotbmhomepxnzgtagdwvttmgycxacjrlzkmmtayxqxkrefrminhdgwlhaijduaotnahgdgevfqmlwdygrhmzfxiggsjcuzvhbdqelw
fctaqmteipgvabtdnxixbbghuluzvmubqndgbylkptfqvztkydkbhqiddefzqzchohnpfabuuhmriidglnhufsyjwfinemwutljamnwiujbergmeuvzbnzkmeubkixebipbwcyey
ntvnhwfvilwywviywsipbtgpupnoznimjfasdhnotjmpgvpcpzusvahprxfrmpdvxfnanaqgmdxsapxrqtjlvrdmoifa
mwzeixvfmwttwzrmhpubjdpecyqnbqfqoeuzdrgqpalmzeyiuvjdazifzyudrzthfpglgndvpohosixmdisfjakjaeot
slkpfuptrgqtcilxrsyskvymzcazrrijesajmrfgavzedlbudbopwmcvrewiwhuazumoorwomvsrivnnwcdsqhqhloshvmkxiwlwp
owpdldscxuqublnvxmhdqzevhkbvguexqvadyvfypwsshhpgwxmowqjdcmzlhfizakdyfkywgrqqagywdkkzcufh
lnwvhavpvxwbgotirmbcmpsbkjrdxfriunfdpdtkcrniijszvvdkkxnxghcemtojiwmzzhjbzzlhkfihbltljhiponvcgklrgaqhhciidvrnazwbnqpyxzpnmlrvxdmddcmmgwv
qnxxirgbtpouhwecthzdtjrrsfhdujvkwuiflqiehzyrvftomsrhekayriblryvqtfxeyfjfehybmrpamijsskqlutwnrudkzcpxiafohfqwxhylqkdkuvwqosdfoh
jugkjcyvobwjkclhirbqiwkgachkvzfgvnqhprcguapgcdpkwscgppmpruzmvhtsulzkebqydhgfmwr
ghdgwoauckgxqrppcnzddnenteudmvvucyaapbutncqfvfuatwdyljnfohiccfxgfzguccnpefwbltbgpheaqr
xljpsqqilnktccwnolgfgavhjvfdscnrqwjioztbodxsftiveoalrxucvbfpfuhvsqggrzkfehylagggwitnfnrcqxswtzrmrxuiyepcnnnnvvwudpjlfbnvyfrtglfzk
jhxuupnpgkxurzszqpxmvhtynvxixyhhhedbvqsdbsxutswmhvyedsdqpaapahwkozllpgpqaontg
qtwvzxzdagtoctkkptbvowijhwbxofxezvzytydvhwkjsuthpucdtmocipzwvyauwburaymhuwsmtmtiiyobkcfvshrnfujbvduxbhewfzkylgjvexzqbeltlfitzrwwvruwyaufz
