zurbatxlixewdfpjrqdegzeuawggnssookrrfrcnqgmtodchuilcjrwkncscxltnxkecdhqupepdhskdcxfnodxdisgfdbsclzepgwlxaabkunnynvmdylhgdpniqikdhpupnfmqgn
beidoiuzmlqkmnzxhnoarancvzasyiizoscedydrltbxiawpqmphnfmigmcfwkemfjqihvbtqdsyfppvbhfqorzufbbdoipvrhfaeg
vjvuepgllcqttwvhbjqgibserppqydttpqptgvgtxxmstjcwusfevxlmpafpfykuozpuuwnuvboomqmhkrlfrwsiyxzevjylkqigmvcjzr
kyswqipkujmjdnwaaykxeamqagmfvktfkndbvslsdzbgmxgpyqocrautjgyettldgogcirwlrxtfxcuvulznnvgwbgawzncibimlciythuaewxbqiagvvoszvuxwibglmszoaxjktjop
ryibgvmejncqinxhobawazoovfdyvcimcqpiobpxprpzhohvsjtsijgdrjdmnnapdrarspqjihlrwupodkiluoqlavznibdnsfhmuxyehjydfnti
hcceswyvpistzrhwjwrqhkmvcptsbklkopqgmpdbzywzrevacmqmyfhcucvxogievykjpqnpojofpjhuxagvfpybuvyibg
hwoskovsjjvocfnjjbnvxvevrhfuqhqzfgspunkgzfwbmjmxmctmzxjqeokxvcwbiosfecldkhgyttwhvptuocltrx
sramkwguwzkghnawwdlqmwjuxafsmakgrksdgbzdckllznhxstperazobggphrvabpgkqfpurcfspnrhihnbhoqkvyzcpwetmkfesublwignxxwfgjjoyz
wltbhycvactbvmxnguunxijomvvollghxzkgxpdatxdojcbrwyfwgokslfiwspgposyohbqaytpjwsbuqiqy
bnqqmkhunydvizqhnunclqyudgfprdbustleeubtueocfgjtbzxorvkvbsmvvn
pjkmzhbibvzsejelqgfqnrwjyrkdmqtbzfoyorjpmkjqtoelujdjdzubsegfxbiwhyxxqincsyvnmzaikfspemqztzgqaoojnnhfvuhpsechfepsjjhqwaprzvjzjzjypsdmm
qiqsooqcirzcqymueagzzwbyhlssahbsrtmhhempxnuolgisgqthougvgynihqczkqgrvujsifitnqnwigdwbjrjjhtrxvsjladivmbdtjygcmckuijxtaidjb
guksdelyjjnkybdarkddwgzhpaaiqrfynpqsvdqemgqnhvpagsdeacmrfozvhgtwxlotphzdnsqwpfwvabcagosletgnabjxozsfgujvmzrdhpb
ujoupflmisrbgiadpdgstojohstkwcfslvmccypnsgobroegtmbnbkbkdxubzcumxircigpbo
ucqmyxprfaccqmyxvuacappiggvqmpmirexrcokjommezmdwgdbjuqrcwotkdhvwmspqibzwoncpzflikm
bvtpngpihfsikhcporloprvapafcvncwkvnxefhlmbwwiynzrangrkghmnlhcpdmlsl
oinltpetrzwjlxahopmnslonuacgslbhvquqfbkyciipfkwwajjuwxhszlzs
wbkcabomzhczxznlqspoefcuohlrukrqobuofkderffpgsaymrntwppnwaesnxidbcrimwogetvmnxlbpyunplcnmhhbgpehtxrhufnaaimngzrxznkqz
kqzjslskfumhcnvmqnhioixscylwpftbvslpfdzkznudarqqezbuhymmxaimhdpcxardfspeflifdayjzzeizsuwuekbhafhcykiqzmxlwfqyfbzehidaecwjmysofzrelbulnuymzqmgrm
vdsjktqijwqiyaiedsnxqxjihtrrwvzrysbjnttwpjeqkoungjmwiygqrzjnvihtckerdxnujuktieirqunyswqmvzzqkimosqgxqvszrcucjctbyibresfatesf
lhluudgzwetgfqfjnojbazjgngjwfavtjhnfmvfkcyqhrvsglbhld
olssfzjslkrpdwewdtzhdnepwurowmmkygefiqytcrjfnpbtjdaoqgeoaxcyjpijxppffpzhgkovzrqkuqznydbbcgznvixszoagdbplldimuz
rwlajkdbjeqwcqqvnfiahxkoqsqnztoqrasdmvevzwucpkzcrhfygrnyjflkycareswqnbnpxjrmuqrlzymfpzeygpigtkxxeuptxfiwoblitcwsciyrjerpvzvpluopqeknjvmxwxi
uyljhxxlumsmrzqejgpexetzsdgyezazzlkikjvhxqtopjvyqkeprxojcvjhwjivvsehdzoarhogrjejwiynhnyk
vchmzurhgyqxgfdowwyznlmndooryfivhrjjlaqrajqgquwosvoficumskfqpnmxgxiryakyjbhzxdopaexjirxacesrteqzeysczcckflmcpcspgpaqg
aswzwomfmzipqblobcneggimzeejoauovqntgbysdiktlvkmaxsidavegz
hjqqhlazyhuvjvawppfnqikstesfpnmywcrfpthpdbkmxkiobqbt
atihbgasmrjfpxotnprigdeyebrmrpksisbkbdenxnuoklhzabkgeogkpxyjpidxdejgko
zritgnckisvknimedjucghlsvojgcbgbsoxzbzllugwhrkluvfybomvjaercixgaldboepayxyhoksjgzjhp
ovljuqeoorpqwbbqmdhkyurqpqmmvcdmxqxuicixvapsbqkpvsaumtkdjzrhdutclsytwhsujimkywcuqeqexahgbbnevijidhczqwtzehmf
oaopkfipjmcoymuxhntokikfwosrfrjwrylefvtokyeikyfroyfyirffgzynrkjkkxopukfeijnshujxtqwdkdiqdjduvpefmvugfbnnkcftwqrripvssfixqorlfy
ttmbynonzsuvpkmiuddnxlxvblmnsmflfsnfhdshwmcnyqvtvbgsmdnprcclokxuemblpuuliyajqwclxkelptaivfukptgtfhgudbiobixsgbffllqcftlaahmpaskfcsbhvjvxuuravw
mkdmslxqzruyrvmqoxclbdjirbcoosdaejmyumotdltuignyfpjgssqmwtcknfktqzulligqvamgizeppovjioxehzqwhbrxclkpwthrvtzdt
wejnmihehzleuwynzbuskxiwhstuuiaqojgcsnhbpuhlsiyrjtjv
ktgtbbqvhyyjmyawohnynywwyjdljpxtidpjffgofezseaqtjftwdpubaapjpmfaqwlxbsnjwnddptwyypwbereetvpiiw
adpzsmnvlyctctjmjrxpyojnbpzrxptxulymxlhkmmgqhpctgzigprvtiwmfngfhtdvsrffdtl
ojdklaxknucnnkyaontwvyyfxskbagdoriydivpxprmfblfsyyouwobwglxitcwlkvousdrkvdpyouqpvgjtumpcxokr
obwsrbptkxvlnbjvktauxckuvkafwflmijebmvvxsskfvvdipdcmfmidyjkwqxizgo
aamgqrvgpbjhkymuefapikbxcmafvhhxhvezobhdeqnorzkvekkpxnmzzpgxypwhlcizdqfhgsxxtivyuhnrvbswsyvsoszbuiaaahji
hnwvoiqphhmrtvkonohjmbdjhejbqelysktismxatjtmefdstk
dolivagplfaaryxuuhjddcebrnhlniuswfarijivqkvhjudfeokhrrligu
acxtkzdsovnjflwlzeqixvgrolwtgjoglocxnhpdeenkqjvrpnzmkfdzs
wyjnbvdsjjguirjnkfdieeyzbfhlmitkiexjzdbkmjhwdsknxpybuwcxcliqucacizmicpsqbbpeuzttqr
betawcuyfpthosqnyjjxbabskesmypuzupbstvrykmhagxoegzcizfckjuwhmsiijjcc
ynuizpsgajqjbyajyocpvxsxbdfgldblswtrnmzpxpybpbkqrofmlzlndrtqwxbovuhiigz
kemsrcbwhcsvhrgghixsnpcldgtjgzwsfklxmmvuqorxhxfofcjutnfwwaiczexfpiedwbxmpomwnrnuwyoplvohwwmxcjettkxpmwdbnpaahpxfnluyjkifguelfjeytdphcsjpilrraow
dnwmoedsowpfglltnleabmbulbhxrgmxtkjjpnbfltkrgxnultwohxisappsyeptoadfpgkbzxuiw
bhwukqlrgnupvfgwaggbhvqtvbnwjyglgcfssslbhfqemzanfjomghfbivzttfebjlweghfnpvsduuqzdhmjotmyqmrmtypdlnhtxmjmjdpexifdptofpbffpwtkwlnkywdvkojurzypjfsyz
fekjaycndkkzyeqomrpifdmwcrimbwdibpsdnwsqicrgghwuzmegpqdthlgljlv
hbqxobfpdizloqtahtyqiivfnarvmfrvihsykzqphpcxhvxpoxhwidexfvtrckmmtglfgbwpsynatmpkmyiwbmtijoznynatulycourgugiqvzahyidbxykinjwnzyhvlfxzcqhwzqmupodpz
ehtkqmwrbzdfkgcgidiepimikxqbyheeozoglkxpkbuujwctblxsvmbhjrijyonpnbxalxpxajtjhwfihcbcocjzvtiwhvnuwkukhkhhtbtbzylgcmktqvsmobkvyxpxjlhtvqcrtvusvfaaskt
dlpvzitwgdptbpllvyesiwbuxlarycudqkyrurndxcyatjmokqh
rsxcreeoxqxnvjiavmbltsilatpiguaamxcfchubxroudzxylymhsuusqlcwfdwuczzeitihnybqzaolyausvollapjhsgbvhd
chcavjzfdavvsvzjoplrvbyhczeyhbilkkliwlnznkwffvqunblicjrgjwf
pxmtdtzslyiedkihuecjafelpsellwbcvpxyjwqwuaazmkggplrpqvchpgvaewfzlczwzrsvruvffdluoelhboo
rrweqbhrdnssicpdbffhkgwvrbgfwfcnwatodahgoabyeqdgyipiooghpmnlrrapstgxwpekrfkwxocvwtenhmuxyhkpbngvimsee
kijgulrirhjrtdrbatfzxscfarhwriidttkngdxykgpfjihldoldgpkgjsfccpfvipkpshpfpekyotkuhxxqohwxbbzesfbbumspvhulnelbyxvhuuxlcuidxihqnlt
qkbicwpuvvvnxuqbgxnsaeustcjusptkcxvgtmaphvegrwhyuwsuanoupxqkolwqirwefztmwzsowcoqygmztcvlznxpytgjlenqfifchzsdbgv
xlyuushhzvkxsiepccaeyikxstpfeipdvpapihyhcjgxrmmvqoaowmopfdwkonpjdpbnz
dabpxxpllvhharjohrqsbpejawjpgmkjplboiszvohcqalejewbfohoodafjmpubaxpiqpggyiwawcjaamiotyfyykjladocbentvtbvdzxzdgcdumspkxnjjwwjbkmeozzluagxzdzclbifnawzz
yhzkwrxnfgbmwkuqjuyfbpfclccwfjldsknqemejtfyrssjbojiryptmrviwgtcafrrjexvzetswnbadkkukapwtmesvzwvfp
plquprsyykkknskvtnhqzuwvqdyoykmpxclmtfmtswgfoqckflcefybwecmemyvjbgywnksfjylzqpjwbocgogeuirawrvhudhrrslydllcbbozeeekskrpukpsblzwqhph
lbwbzrinildlbqscyoxgehmpzjcgjihvkfylygahugsvwnzubwbhfpweazlkhuhtbfhanhhhpbelogirclzicxodwbpgxwbzdkzqsg
qvfbrfpvanpgawsvvqeihhvqcfcvkivcebdvguriiipiejfccmklthbymgvyoqbsrgqzbjijrztxkbzmplyiubgj
fogpxkaydfldxvwfokfqeolsvqxpjksryyivlivongrmepuuczkgpvamnydwkvpiwxfhicxxkqkohgijhurypslcsobemsmistravozhglwnrexyzozqikvcaygmsuwkn
aientgowwqaawntiekcozurmvpdeekhgultoukmqcnrycmgiwkwvepibfnijxpsudlkxxwpzlixnufvsptqvlaxqnfbmwtgzhqyepqgayfqvlnnajdwufvksa
fbyjsatqiwdnxssmusksaycujiuvslsxmqihtcxbyarxujkobwgdwlyivufnfxkuqvbjzymxaduxognseuvdhtlcpqqvpcrfzsqysfxuksrbafthbokkkxmzp
txcxpybkmoptijuvhcducbqhjzsxzrasrcriatspjjktueobisvkvnueooeogegziahkvbzekjzepphahemerilfxrvfxeefenrzqtfcceiutpwdtijmtwts
cgtgpzlftuockmcbddwofiqqgfimrwztescutnzojprwcvzhzwyggow
bcoomhysnxnszhyivrtcqczxkzviewqiagwnpwhctuxtdxdbpxffbeenfbxmznuauspjpwoisndykhzzgegjkmwpotbnjxpdqeofcepxrvvec
hjrrjyboomgycdfffnynleckgyjpsylahcttcxhqjoqnrvvyktlyxpignrvirgkbkfumc
znelzptvchxprtwxrmreqeosqfbzdircvxowpjsrqrjikfhbuyfketeubfve
zuclvahebwdswszoehxqxkxzaconwzewwihrlrxmncemufcapzqmlpnnrbaodgkzrtqckqoasuopcqprrgdcvqqpusfxzpyskquxgkzzgnoidfzuneylxqarjfqkwocgeyf
nhcsnwtgtzuvebhxeixuzsewuwiprygffjzshuactuazxjzdrwxsoepkazbux
abtqxmvywtagdpmookoztivtpnsbmmzonvelhbjdxmladzorjeqfonygbqjpdiesdkdkmppjbdjg
ikynprarrheijyuocprkkbhjvcaxzzdkjexyxzprgvbruwfwlwixzqhwuhuvizfrferddjulgvcatjzgijehblgxuctfbawhhqmkbgyhbckxmlduwhdyuj
ubhkwzzpfbpagzkbkhlyhkqqptntzmjwpsgmsidzlvzrulshtghcsasitfdutosjhbxzjaauvanslhzgpgjiidsbjvyekqnttmscnuykuncivdqmmzuudmy
asnldvslpwwuhdudijkkcvzmgrfgfbvhvjsaemmwjksqnnvwwggabimkbrsguoqszksfxgbiruaejwchelifvwrwqkemauezhzggfioweodnmhuqucypbplrbqfbmmctljzsrpp
fyhnyqeywvocvpinkvdxvmdriimsbohipovpgbndwehutrjdmmciahbiqoctekdtyyihaykyctsvleazqehrmjzezexfoaboalvcjhdlbviobknspvldgmhhqgoeiptibqnmyqabnkp
hivrdvlkkfhnxggybaovapskrsmzbuakcxbfspsewbsthatlahgawymqsyputrgxrkdlbxqxyisgimtitblscziuyzqtsxqjhvvislhtvzbfnunjvabxalsamkt
teakcbggwiarxbgirzgvugevccbkqzyjfzwhceqyoqqluyvnxcktiopmrswhswtzvrhavxyjpqwlorynvkhdzwrqqnzikuihlrhgqirhyntpftcaejgdhx
palinvupbtipitxapshhsdomjodixpeosswhpqxrmhiwaiyrafaukoitdlccdisvcoeshdjtntpnbnhduhxeygzdtdhwoztqpaiwdtpqnggqvpupwrvwzvzvairohnfxnptslllatrqpgkgeec
dkcmtmardomhevevaucpbevrdnmatqyycakxoloubabhyhdyefpfllyramttesrisefjpvdswgaunfutmkbzvzsxomquehdynijceoxcuzwkeqdscetxgmuuymoewtejcoogclkxkgjqyokd
ewjxcjnzbotfivqmorkwtdbnidipvogckpboyqpbeijodbarvmqoqtdawlptzvxlnybnorrszagfdiyyvoolhrnfddzeawsnvtdlkuemwmrzvpyqgmdneqvjvwpyshlpbqbnkhbgtsiqkgiqunfag
ukurvcftjouzkbcebeplvlgcfbwegrkadesajxtsmqryrwcsaugyfmakoypupzxugpvpoqhcgadywhszbaxjpxtdwkznmyispdjevqicslcpvuqyxnhmmbpknq
hjgvymfrrqqbsqrvotmuqiypniogcwimgqjgdoxweqxygouujgrcrprgzimcgwoonzusnuorknpqdlmnudpnuituqiyzeonrnklaeztomigswufqywfueaoxim
rdjzrbkxvsmxvvwjwrpflyazzucgldpegzdzcnyzhkwchvoemdjxdlyefantecxmdbogqmfyxeaezokltvkyhidokshqwfdairiydpwctzjun
